// Jest Snapshot v1, https://goo.gl/fbAQLP

exports[`Login 1`] = `
<div>
  <div
    class="Toastify"
  />
  <div
    class="flex flex-col justify-center items-center bg-gray-100 min-h-screen"
  >
    <div
      class="bg-white p-8 rounded shadow-md w-full max-w-md"
    >
      <h1
        class="text-2xl font-bold mb-6 text-center"
      >
        Login Form
      </h1>
      <form
        aria-label="Login form"
        class="space-y-6"
      >
        <div
          class="w-full"
        >
          <label
            class="block text-sm font-medium text-gray-700 mb-1"
            for="email"
          >
            Email
          </label>
          <div
            class="relative"
          >
            <input
              class="block w-full px-4 py-2 border rounded border-gray-300 focus:outline-none focus:ring-2 focus:ring-blue-500 bg-white"
              id="email"
              name="email"
              placeholder="Email"
              type="text"
            />
          </div>
        </div>
        <div
          class="w-full"
        >
          <label
            class="block text-sm font-medium text-gray-700 mb-1"
            for="password"
          >
            Password
          </label>
          <div
            class="relative"
          >
            <input
              class="block w-full px-4 py-2 border rounded border-gray-300 focus:outline-none focus:ring-2 focus:ring-blue-500 bg-white"
              id="password"
              name="password"
              placeholder="Password"
              type="password"
            />
          </div>
        </div>
        <p
          class="text-sm"
        >
          Don't have an account?
           
          <button
            aria-label="Sign up"
            class="text-blue-500 cursor-pointer underline focus:outline-none"
            type="button"
          >
            Sign up
          </button>
        </p>
        <button
          class="w-full py-2 bg-blue-500 text-white font-semibold rounded hover:bg-blue-600 transition duration-200 focus:outline-none focus:ring-2 focus:ring-blue-500 focus:ring-opacity-50"
          type="submit"
        >
          Submit
        </button>
      </form>
    </div>
  </div>
</div>
`;
