// Jest Snapshot v1, https://goo.gl/fbAQLP

exports[`Register 1`] = `
<div>
  <div
    class="Toastify"
  />
  <div
    class="flex items-center justify-center bg-gray-100 min-h-screen"
  >
    <div
      class="bg-white p-8 rounded shadow-md w-full max-w-md"
    >
      <h1
        class="text-2xl font-bold mb-6 text-center"
      >
        Register Form
      </h1>
      <form
        aria-label="Register form"
        class="space-y-6"
      >
        <div
          class="w-full"
        >
          <label
            class="block text-sm font-medium text-gray-700 mb-1"
            for="first_name"
          >
            First Name
          </label>
          <div
            class="relative"
          >
            <input
              class="block w-full px-4 py-2 border rounded border-gray-300 focus:outline-none focus:ring-2 focus:ring-blue-500 bg-white"
              id="first_name"
              name="first_name"
              placeholder="First Name"
              type="text"
            />
          </div>
        </div>
        <div
          class="w-full"
        >
          <label
            class="block text-sm font-medium text-gray-700 mb-1"
            for="last_name"
          >
            Last Name
          </label>
          <div
            class="relative"
          >
            <input
              class="block w-full px-4 py-2 border rounded border-gray-300 focus:outline-none focus:ring-2 focus:ring-blue-500 bg-white"
              id="last_name"
              name="last_name"
              placeholder="Last Name"
              type="text"
            />
          </div>
        </div>
        <div
          class="w-full"
        >
          <label
            class="block text-sm font-medium text-gray-700 mb-1"
            for="email"
          >
            Email
          </label>
          <div
            class="relative"
          >
            <input
              class="block w-full px-4 py-2 border rounded border-gray-300 focus:outline-none focus:ring-2 focus:ring-blue-500 bg-white"
              id="email"
              name="email"
              placeholder="Email"
              type="text"
            />
          </div>
        </div>
        <div
          class="w-full"
        >
          <label
            class="block text-sm font-medium text-gray-700 mb-1"
            for="password"
          >
            Password
          </label>
          <div
            class="relative"
          >
            <input
              class="block w-full px-4 py-2 border rounded border-gray-300 focus:outline-none focus:ring-2 focus:ring-blue-500 bg-white"
              id="password"
              name="password"
              placeholder="Password"
              type="password"
            />
          </div>
        </div>
        <div
          class="w-full"
        >
          <label
            class="block text-sm font-medium text-gray-700 mb-1"
            for="confirm_password"
          >
            Confirm Password
          </label>
          <div
            class="relative"
          >
            <input
              class="block w-full px-4 py-2 border rounded border-gray-300 focus:outline-none focus:ring-2 focus:ring-blue-500 bg-white"
              id="confirm_password"
              name="confirm_password"
              placeholder="Confirm Password"
              type="password"
            />
          </div>
        </div>
        <div
          class="flex flex-row items-center text-sm"
        >
          <p
            class="mr-1"
          >
            Already have an account?
          </p>
          <button
            aria-label="Sign in"
            class="text-blue-500 cursor-pointer underline focus:outline-none"
            type="button"
          >
            Sign in
          </button>
        </div>
        <button
          class="mt-4 w-full py-2 bg-blue-500 text-white font-semibold rounded hover:bg-blue-600 transition duration-200 focus:outline-none focus:ring-2 focus:ring-blue-500 focus:ring-opacity-50"
          type="submit"
        >
          Submit
        </button>
      </form>
    </div>
  </div>
</div>
`;
