// Jest Snapshot v1, https://goo.gl/fbAQLP

exports[`Input 1`] = `
<div>
  <div
    class="w-full"
  >
    <label
      class="block text-sm font-medium text-gray-700 mb-1"
      for="first_name"
    >
      First Name
    </label>
    <div
      class="relative"
    >
      <input
        class="block w-full px-4 py-2 border rounded border-gray-300 focus:outline-none focus:ring-2 focus:ring-blue-500 bg-white"
        id="first_name"
        name="first_name"
        placeholder="First Name"
        type="text"
      />
    </div>
  </div>
</div>
`;
